[T3i-rerun-interval30-total600 t=    0.00] connecting to ca-felis-ephem-verify-183.blackbush-a1db7f50.japaneast.azurecontainerapps.io:443 path=/sse?interval=30&count=20
[T3i-rerun-interval30-total600 t=    0.03] request sent
[T3i-rerun-interval30-total600 t=    0.09] RECV(raw) HTTP/1.1 200 OK
[T3i-rerun-interval30-total600 t=    0.09] RECV(raw) server: BaseHTTP/0.6 Python/3.12.14
[T3i-rerun-interval30-total600 t=    0.09] RECV(raw) date: Tue, 01 Sep 2026 09:48:26 GMT
[T3i-rerun-interval30-total600 t=    0.09] RECV(raw) content-type: text/event-stream
[T3i-rerun-interval30-total600 t=    0.09] RECV(raw) cache-control: no-cache
[T3i-rerun-interval30-total600 t=    0.09] RECV(raw) connection: close
[T3i-rerun-interval30-total600 t=    0.09] RECV(raw) transfer-encoding: chunked
[T3i-rerun-interval30-total600 t=    0.09] RECV(raw) 16
[T3i-rerun-interval30-total600 t=    0.09] RECV : stream-open rev=s8
[T3i-rerun-interval30-total600 t=   30.22] RECV(raw) 51
[T3i-rerun-interval30-total600 t=   30.22] RECV event: message
[T3i-rerun-interval30-total600 t=   30.22] RECV data: {"seq": 0, "elapsed_s": 30.0, "epoch": 1788256136.4162464}
[T3i-rerun-interval30-total600 t=   60.87] RECV(raw) 52
[T3i-rerun-interval30-total600 t=   60.87] RECV event: message
[T3i-rerun-interval30-total600 t=   60.87] RECV data: {"seq": 1, "elapsed_s": 60.001, "epoch": 1788256166.416608}
[T3i-rerun-interval30-total600 t=   91.20] RECV(raw) 52
[T3i-rerun-interval30-total600 t=   91.20] RECV event: message
[T3i-rerun-interval30-total600 t=   91.20] RECV data: {"seq": 2, "elapsed_s": 90.001, "epoch": 1788256196.416897}
[T3i-rerun-interval30-total600 t=  121.36] RECV(raw) 54
[T3i-rerun-interval30-total600 t=  121.36] RECV event: message
[T3i-rerun-interval30-total600 t=  121.36] RECV data: {"seq": 3, "elapsed_s": 120.001, "epoch": 1788256226.4171731}
[T3i-rerun-interval30-total600 t=  151.75] RECV(raw) 54
[T3i-rerun-interval30-total600 t=  151.75] RECV event: message
[T3i-rerun-interval30-total600 t=  151.75] RECV data: {"seq": 4, "elapsed_s": 150.001, "epoch": 1788256256.4174297}
[T3i-rerun-interval30-total600 t=  182.14] RECV(raw) 54
[T3i-rerun-interval30-total600 t=  182.14] RECV event: message
[T3i-rerun-interval30-total600 t=  182.14] RECV data: {"seq": 5, "elapsed_s": 180.002, "epoch": 1788256286.4176953}
[T3i-rerun-interval30-total600 t=  212.52] RECV(raw) 54
[T3i-rerun-interval30-total600 t=  212.52] RECV event: message
[T3i-rerun-interval30-total600 t=  212.52] RECV data: {"seq": 6, "elapsed_s": 210.002, "epoch": 1788256316.4179502}
[T3i-rerun-interval30-total600 t=  240.10] RECV(raw) 54
[T3i-rerun-interval30-total600 t=  240.10] RECV event: message
[T3i-rerun-interval30-total600 t=  240.10] RECV data: {"seq": 7, "elapsed_s": 240.002, "epoch": 1788256346.4182167}
[T3i-rerun-interval30-total600 t=  270.42] RECV(raw) 54
[T3i-rerun-interval30-total600 t=  270.42] RECV event: message
[T3i-rerun-interval30-total600 t=  270.42] RECV data: {"seq": 8, "elapsed_s": 270.003, "epoch": 1788256376.4184709}
[T3i-rerun-interval30-total600 t=  301.25] RECV(raw) 53
[T3i-rerun-interval30-total600 t=  301.25] RECV event: message
[T3i-rerun-interval30-total600 t=  301.25] RECV data: {"seq": 9, "elapsed_s": 300.003, "epoch": 1788256406.418789}
[T3i-rerun-interval30-total600 t=  331.61] RECV(raw) 55
[T3i-rerun-interval30-total600 t=  331.61] RECV event: message
[T3i-rerun-interval30-total600 t=  331.61] RECV data: {"seq": 10, "elapsed_s": 330.003, "epoch": 1788256436.4190514}
[T3i-rerun-interval30-total600 t=  362.04] RECV(raw) 55
[T3i-rerun-interval30-total600 t=  362.04] RECV event: message
[T3i-rerun-interval30-total600 t=  362.04] RECV data: {"seq": 11, "elapsed_s": 360.003, "epoch": 1788256466.4193256}
[T3i-rerun-interval30-total600 t=  392.24] RECV(raw) 54
[T3i-rerun-interval30-total600 t=  392.24] RECV event: message
[T3i-rerun-interval30-total600 t=  392.24] RECV data: {"seq": 12, "elapsed_s": 390.004, "epoch": 1788256496.419579}
[T3i-rerun-interval30-total600 t=  422.39] RECV(raw) 54
[T3i-rerun-interval30-total600 t=  422.39] RECV event: message
[T3i-rerun-interval30-total600 t=  422.39] RECV data: {"seq": 13, "elapsed_s": 420.004, "epoch": 1788256526.419854}
[T3i-rerun-interval30-total600 t=  450.36] RECV(raw) 55
[T3i-rerun-interval30-total600 t=  450.36] RECV event: message
[T3i-rerun-interval30-total600 t=  450.36] RECV data: {"seq": 14, "elapsed_s": 450.004, "epoch": 1788256556.4201229}
[T3i-rerun-interval30-total600 t=  480.63] RECV(raw) 54
[T3i-rerun-interval30-total600 t=  480.63] RECV event: message
[T3i-rerun-interval30-total600 t=  480.63] RECV data: {"seq": 15, "elapsed_s": 480.004, "epoch": 1788256586.420391}
[T3i-rerun-interval30-total600 t=  511.09] RECV(raw) 55
[T3i-rerun-interval30-total600 t=  511.09] RECV event: message
[T3i-rerun-interval30-total600 t=  511.09] RECV data: {"seq": 16, "elapsed_s": 510.005, "epoch": 1788256616.4206755}
[T3i-rerun-interval30-total600 t=  541.54] RECV(raw) 55
[T3i-rerun-interval30-total600 t=  541.54] RECV event: message
[T3i-rerun-interval30-total600 t=  541.54] RECV data: {"seq": 17, "elapsed_s": 540.005, "epoch": 1788256646.4209483}
[T3i-rerun-interval30-total600 t=  571.79] RECV(raw) 54
[T3i-rerun-interval30-total600 t=  571.79] RECV event: message
[T3i-rerun-interval30-total600 t=  571.79] RECV data: {"seq": 18, "elapsed_s": 570.005, "epoch": 1788256676.421221}
[T3i-rerun-interval30-total600 t=  602.30] RECV(raw) 6b
[T3i-rerun-interval30-total600 t=  602.30] RECV event: message
[T3i-rerun-interval30-total600 t=  602.30] RECV data: {"seq": 19, "elapsed_s": 600.006, "epoch": 1788256706.4215124}
[T3i-rerun-interval30-total600 t=  602.30] RECV event: done
[T3i-rerun-interval30-total600 t=  602.30] RECV data: {}
[T3i-rerun-interval30-total600 t=  602.30] RECV(raw) 0
[T3i-rerun-interval30-total600 t=  602.30] CONNECTION CLOSED by peer. gap since last byte = 0.00s
[T3i-rerun-interval30-total600 t=  602.30] done. total elapsed 602.30s

[exited with code 0]
